***
Bella - 9.2
Henry - 9.0
Harper - 8.8
Isla - 8.8
Isabel - 8.5
Noah - 7.3
Aiden - 6.5
Gavin - 5.5
***
Fizica (3)
Aiden - 6.5
Bella - 9.2
***
Mate (10)
Gavin - 5.5
***
ALGAED (2)
***
AMat (15)
Noah - 7.3
***
Fizica (3)
Aiden - 6.5
Bella - 9.2
Harper - 8.8
Isla - 8.8
***
Mate (10)
Gavin - 5.5
***
ALGAED (2)
***
AMat (15)
Henry - 9.0
Isabel - 8.5
Noah - 7.3
